BEDRO@LAPTOP-IAKQ7UFK MINGW64 ~/Desktop/Try (master)
$ git add .

BEDRO@LAPTOP-IAKQ7UFK MINGW64 ~/Desktop/Try (master)
$ git commit -m "after under"
[master 930bed9] after under
 5 files changed, 1 insertion(+), 102 deletions(-)
 delete mode 100644 README.md
 delete mode 100644 all-of-my-commands.txt
 delete mode 100644 all-of-my-commnds.txt
 rename Distributed-git.txt => distributrd-git.txt (100%)

BEDRO@LAPTOP-IAKQ7UFK MINGW64 ~/Desktop/Try (master)
$ git add .

BEDRO@LAPTOP-IAKQ7UFK MINGW64 ~/Desktop/Try (master)
$ git commit -m "second one"
[master be9c762] second one
 1 file changed, 0 insertions(+), 0 deletions(-)
 create mode 100644 All-my-commands.txt

BEDRO@LAPTOP-IAKQ7UFK MINGW64 ~/Desktop/Try (master)
$ git add All-my-command.txt
fatal: pathspec 'All-my-command.txt' did not match any files

BEDRO@LAPTOP-IAKQ7UFK MINGW64 ~/Desktop/Try (master)
BEDRO@LAPTOP-IAKQ7UFK MINGW64 ~/Desktop/Try (master)
$ git status
On branch master
Your branch is ahead of 'origin/master' by 10 commits.
  (use "git push" to publish your local commits)

Changes to be committed:
  (use "git reset HEAD <file>..." to unstage)

        deleted:    git-branching.txt


BEDRO@LAPTOP-IAKQ7UFK MINGW64 ~/Desktop/Try (master)
$ git commit -m "deleted git-branching"
[master 04d844d] deleted git-branching
 1 file changed, 0 insertions(+), 0 deletions(-)
 delete mode 100644 git-branching.txt


$ git add All-my-commands.txt

BEDRO@LAPTOP-IAKQ7UFK MINGW64 ~/Desktop/Try (master)
$ git commit -m "third one"
[master 2d9d983] third one
 1 file changed, 21 insertions(+)

BEDRO@LAPTOP-IAKQ7UFK MINGW64 ~/Desktop/Try (master)
$ git status
On branch master
Your branch is ahead of 'origin/master' by 9 commits.
  (use "git push" to publish your local commits)

nothing to commit, working tree clean
git log --oneline
git revert
git push
git clone
